

================================================================
== Vivado HLS Report for 'hier_func'
================================================================
* Date:           Tue Jul 16 10:58:32 2019

* Version:        2019.2.0 (Build 2588706 on Sun Jul 14 20:42:44 MDT 2019)
* Project:        proj_hier_func
* Solution:       solution3
* Product family: kintex7
* Target device:  xc7k160t-fbg484-1


================================================================
== Performance Estimates
================================================================
+ Timing (ns): 
    * Summary: 
    +--------+-------+----------+------------+
    |  Clock | Target| Estimated| Uncertainty|
    +--------+-------+----------+------------+
    |ap_clk  |   4.00|     1.785|        1.08|
    +--------+-------+----------+------------+

+ Latency (clock cycles): 
    * Summary: 
    +-----+-----+-----+-----+---------+
    |  Latency  |  Interval | Pipeline|
    | min | max | min | max |   Type  |
    +-----+-----+-----+-----+---------+
    |    0|    0|    0|    0|   none  |
    +-----+-----+-----+-----+---------+

    + Detail: 
        * Instance: 
        N/A

        * Loop: 
        N/A



================================================================
== Utilization Estimates
================================================================
* Summary: 
+-----------------+---------+-------+--------+--------+-----+
|       Name      | BRAM_18K| DSP48E|   FF   |   LUT  | URAM|
+-----------------+---------+-------+--------+--------+-----+
|DSP              |        -|      -|       -|       -|    -|
|Expression       |        -|      -|       0|      78|    -|
|FIFO             |        -|      -|       -|       -|    -|
|Instance         |        -|      -|       -|       -|    -|
|Memory           |        -|      -|       -|       -|    -|
|Multiplexer      |        -|      -|       -|       -|    -|
|Register         |        -|      -|       -|       -|    -|
+-----------------+---------+-------+--------+--------+-----+
|Total            |        0|      0|       0|      78|    0|
+-----------------+---------+-------+--------+--------+-----+
|Available        |      650|    600|  202800|  101400|    0|
+-----------------+---------+-------+--------+--------+-----+
|Utilization (%)  |        0|      0|       0|   ~0   |    0|
+-----------------+---------+-------+--------+--------+-----+

+ Detail: 
    * Instance: 
    N/A

    * DSP48E: 
    N/A

    * Memory: 
    N/A

    * FIFO: 
    N/A

    * Expression: 
    +-------------------+----------+-------+---+----+------------+------------+
    |   Variable Name   | Operation| DSP48E| FF| LUT| Bitwidth P0| Bitwidth P1|
    +-------------------+----------+-------+---+----+------------+------------+
    |add_ln50_fu_62_p2  |     +    |      0|  0|  39|          32|          32|
    |sub_ln51_fu_68_p2  |     -    |      0|  0|  39|          32|          32|
    +-------------------+----------+-------+---+----+------------+------------+
    |Total              |          |      0|  0|  78|          64|          64|
    +-------------------+----------+-------+---+----+------------+------------+

    * Multiplexer: 
    N/A

    * Register: 
    N/A



================================================================
== Interface
================================================================
* Summary: 
+----------+-----+-----+------------+--------------+--------------+
| RTL Ports| Dir | Bits|  Protocol  | Source Object|    C Type    |
+----------+-----+-----+------------+--------------+--------------+
|ap_start  |  in |    1| ap_ctrl_hs |   hier_func  | return value |
|ap_done   | out |    1| ap_ctrl_hs |   hier_func  | return value |
|ap_idle   | out |    1| ap_ctrl_hs |   hier_func  | return value |
|ap_ready  | out |    1| ap_ctrl_hs |   hier_func  | return value |
|A         |  in |   32|   ap_none  |       A      |    scalar    |
|B         |  in |   32|   ap_none  |       B      |    scalar    |
|C         | out |   32|   ap_vld   |       C      |    pointer   |
|C_ap_vld  | out |    1|   ap_vld   |       C      |    pointer   |
|D         | out |   32|   ap_vld   |       D      |    pointer   |
|D_ap_vld  | out |    1|   ap_vld   |       D      |    pointer   |
+----------+-----+-----+------------+--------------+--------------+

